// Jest Snapshot v1, https://goo.gl/fbAQLP

exports[`NavBar Should match snapshot. 1`] = `
.emotion-0 {
  display: -webkit-box;
  display: -webkit-flex;
  display: -ms-flexbox;
  display: flex;
  -webkit-box-pack: justify;
  -webkit-justify-content: space-between;
  justify-content: space-between;
  width: 100%;
  height: var(--chakra-sizes-16);
  -webkit-padding-start: var(--chakra-space-8);
  padding-inline-start: var(--chakra-space-8);
  -webkit-padding-end: var(--chakra-space-8);
  padding-inline-end: var(--chakra-space-8);
  background: var(--chakra-colors-white);
  position: fixed;
  top: 0px;
  left: 0px;
}

.chakra-ui-dark .emotion-0:not([data-theme]),
[data-theme=dark] .emotion-0:not([data-theme]),
.emotion-0[data-theme=dark] {
  background: var(--chakra-colors-gray-800);
}

.emotion-1 {
  display: -webkit-box;
  display: -webkit-flex;
  display: -ms-flexbox;
  display: flex;
  -webkit-align-items: center;
  -webkit-box-align: center;
  -ms-flex-align: center;
  align-items: center;
  -webkit-flex-direction: row;
  -ms-flex-direction: row;
  flex-direction: row;
}

.emotion-1>*:not(style)~*:not(style) {
  margin-top: 0px;
  -webkit-margin-end: 0px;
  margin-inline-end: 0px;
  margin-bottom: 0px;
  -webkit-margin-start: var(--chakra-space-2);
  margin-inline-start: var(--chakra-space-2);
}

.emotion-2 {
  transition-property: var(--chakra-transition-property-common);
  transition-duration: var(--chakra-transition-duration-fast);
  transition-timing-function: var(--chakra-transition-easing-ease-out);
  cursor: pointer;
  -webkit-text-decoration: none;
  text-decoration: none;
  outline: 2px solid transparent;
  outline-offset: 2px;
  color: inherit;
  font-family: var(--chakra-fonts-mono);
  font-size: var(--chakra-fontSizes-xs);
  font-weight: var(--chakra-fontWeights-bold);
  -webkit-transition: text-shadow 0.2s linear,color 0.2s linear;
  transition: text-shadow 0.2s linear,color 0.2s linear;
}

.emotion-2:hover,
.emotion-2[data-hover] {
  -webkit-text-decoration: none;
  text-decoration: none;
}

.emotion-2:focus-visible,
.emotion-2[data-focus-visible] {
  box-shadow: var(--chakra-shadows-outline);
}

.emotion-3 {
  display: -webkit-box;
  display: -webkit-flex;
  display: -ms-flexbox;
  display: flex;
  -webkit-align-items: center;
  -webkit-box-align: center;
  -ms-flex-align: center;
  align-items: center;
  -webkit-flex-direction: row;
  -ms-flex-direction: row;
  flex-direction: row;
}

.emotion-3>*:not(style)~*:not(style) {
  margin-top: 0px;
  -webkit-margin-end: 0px;
  margin-inline-end: 0px;
  margin-bottom: 0px;
  -webkit-margin-start: var(--chakra-space-4);
  margin-inline-start: var(--chakra-space-4);
}

.emotion-4 {
  transition-property: var(--chakra-transition-property-common);
  transition-duration: var(--chakra-transition-duration-fast);
  transition-timing-function: var(--chakra-transition-easing-ease-out);
  cursor: pointer;
  -webkit-text-decoration: none;
  text-decoration: none;
  outline: 2px solid transparent;
  outline-offset: 2px;
  color: inherit;
  font-family: var(--chakra-fonts-mono);
  font-size: var(--chakra-fontSizes-xs);
  font-weight: var(--chakra-fontWeights-bold);
  -webkit-transition: text-shadow 0.2s linear,color 0.2s linear;
  transition: text-shadow 0.2s linear,color 0.2s linear;
  position: relative;
  -webkit-order: 1;
  -ms-flex-order: 1;
  order: 1;
  text-transform: capitalize;
}

.emotion-4:hover,
.emotion-4[data-hover] {
  -webkit-text-decoration: none;
  text-decoration: none;
}

.emotion-4:hover::before,
.emotion-4[data-hover]::before {
  -webkit-transform: scaleX(1);
  -moz-transform: scaleX(1);
  -ms-transform: scaleX(1);
  transform: scaleX(1);
}

.emotion-4:focus-visible,
.emotion-4[data-focus-visible] {
  box-shadow: var(--chakra-shadows-outline);
}

.emotion-4::before {
  content: "";
  position: absolute;
  display: block;
  width: 100%;
  height: 2px;
  bottom: calc(var(--chakra-space-1) * -1);
  left: 0px;
  background-color: var(--chakra-colors-gray-800);
  -webkit-transform: scaleX(0);
  -moz-transform: scaleX(0);
  -ms-transform: scaleX(0);
  transform: scaleX(0);
  -webkit-transition: -webkit-transform 0.3s ease;
  transition: transform 0.3s ease;
}

.chakra-ui-dark .emotion-4:not([data-theme])::before,
[data-theme=dark] .emotion-4:not([data-theme])::before,
.emotion-4[data-theme=dark]::before {
  background-color: var(--chakra-colors-gray-50);
}

.emotion-6 {
  display: -webkit-inline-box;
  display: -webkit-inline-flex;
  display: -ms-inline-flexbox;
  display: inline-flex;
  -webkit-appearance: none;
  -moz-appearance: none;
  -ms-appearance: none;
  appearance: none;
  -webkit-align-items: center;
  -webkit-box-align: center;
  -ms-flex-align: center;
  align-items: center;
  -webkit-box-pack: center;
  -ms-flex-pack: center;
  -webkit-justify-content: center;
  justify-content: center;
  -webkit-user-select: none;
  -moz-user-select: none;
  -ms-user-select: none;
  user-select: none;
  position: relative;
  white-space: nowrap;
  vertical-align: middle;
  outline: 2px solid transparent;
  outline-offset: 2px;
  line-height: 1.2;
  border-radius: var(--chakra-radii-md);
  font-weight: var(--chakra-fontWeights-semibold);
  transition-property: var(--chakra-transition-property-common);
  transition-duration: var(--chakra-transition-duration-normal);
  height: var(--chakra-sizes-8);
  min-width: var(--chakra-sizes-8);
  font-size: var(--chakra-fontSizes-sm);
  -webkit-padding-start: var(--chakra-space-3);
  padding-inline-start: var(--chakra-space-3);
  -webkit-padding-end: var(--chakra-space-3);
  padding-inline-end: var(--chakra-space-3);
  color: var(--chakra-colors-blue-200);
  background: var(--chakra-colors-transparent);
  padding: 0px;
}

.emotion-6:focus-visible,
.emotion-6[data-focus-visible] {
  box-shadow: var(--chakra-shadows-outline);
}

.emotion-6[disabled],
.emotion-6[aria-disabled=true],
.emotion-6[data-disabled] {
  opacity: 0.4;
  cursor: not-allowed;
  box-shadow: var(--chakra-shadows-none);
}

.emotion-6:hover,
.emotion-6[data-hover] {
  background: rgba(144, 205, 244, 0.12);
}

.emotion-6:hover[disabled],
.emotion-6[data-hover][disabled],
.emotion-6:hover[aria-disabled=true],
.emotion-6[data-hover][aria-disabled=true],
.emotion-6:hover[data-disabled],
.emotion-6[data-hover][data-disabled] {
  background: initial;
}

.emotion-6:active,
.emotion-6[data-active] {
  background: rgba(144, 205, 244, 0.24);
}

.emotion-7 {
  width: 24px;
  height: 24px;
  display: inline-block;
  line-height: 1em;
  -webkit-flex-shrink: 0;
  -ms-flex-negative: 0;
  flex-shrink: 0;
  color: currentColor;
}

.emotion-8 {
  z-index: 1;
}

.emotion-9 {
  outline: 2px solid transparent;
  outline-offset: 2px;
  background: var(--chakra-colors-gray-700);
  box-shadow: var(--chakra-shadows-dark-lg);
  color: inherit;
  min-width: var(--chakra-sizes-3xs);
  padding-top: var(--chakra-space-2);
  padding-bottom: var(--chakra-space-2);
  z-index: 1;
  border-radius: var(--chakra-radii-md);
  border-width: 1px;
  -webkit-padding-start: var(--chakra-space-4);
  padding-inline-start: var(--chakra-space-4);
  -webkit-padding-end: var(--chakra-space-4);
  padding-inline-end: var(--chakra-space-4);
}

.emotion-10 {
  transition-property: var(--chakra-transition-property-common);
  transition-duration: var(--chakra-transition-duration-fast);
  transition-timing-function: var(--chakra-transition-easing-ease-out);
  cursor: pointer;
  -webkit-text-decoration: none;
  text-decoration: none;
  outline: 2px solid transparent;
  outline-offset: 2px;
  color: inherit;
  font-family: var(--chakra-fonts-mono);
  font-size: var(--chakra-fontSizes-xs);
  font-weight: var(--chakra-fontWeights-bold);
  -webkit-transition: text-shadow 0.2s linear,color 0.2s linear;
  transition: text-shadow 0.2s linear,color 0.2s linear;
  position: relative;
  -webkit-text-decoration: none;
  text-decoration: none;
  color: inherit;
  -webkit-user-select: none;
  -moz-user-select: none;
  -ms-user-select: none;
  user-select: none;
  display: -webkit-box;
  display: -webkit-flex;
  display: -ms-flexbox;
  display: flex;
  width: 100%;
  -webkit-align-items: center;
  -webkit-box-align: center;
  -ms-flex-align: center;
  align-items: center;
  text-align: start;
  -webkit-flex: 0 0 auto;
  -ms-flex: 0 0 auto;
  flex: 0 0 auto;
  outline: 2px solid transparent;
  outline-offset: 2px;
  padding-top: var(--chakra-space-1-5);
  padding-bottom: var(--chakra-space-1-5);
  -webkit-padding-start: var(--chakra-space-3);
  padding-inline-start: var(--chakra-space-3);
  -webkit-padding-end: var(--chakra-space-3);
  padding-inline-end: var(--chakra-space-3);
  transition-property: var(--chakra-transition-property-background);
  transition-duration: var(--chakra-transition-duration-ultra-fast);
  transition-timing-function: var(--chakra-transition-easing-ease-in);
  -webkit-order: 1;
  -ms-flex-order: 1;
  order: 1;
  text-transform: capitalize;
}

.emotion-10:hover,
.emotion-10[data-hover] {
  -webkit-text-decoration: none;
  text-decoration: none;
}

.emotion-10:hover::before,
.emotion-10[data-hover]::before {
  -webkit-transform: scaleX(1);
  -moz-transform: scaleX(1);
  -ms-transform: scaleX(1);
  transform: scaleX(1);
}

.emotion-10:focus-visible,
.emotion-10[data-focus-visible] {
  box-shadow: var(--chakra-shadows-outline);
}

.emotion-10::before {
  content: "";
  position: absolute;
  display: block;
  width: 100%;
  height: 2px;
  bottom: calc(var(--chakra-space-1) * -1);
  left: 0px;
  background-color: var(--chakra-colors-gray-800);
  -webkit-transform: scaleX(0);
  -moz-transform: scaleX(0);
  -ms-transform: scaleX(0);
  transform: scaleX(0);
  -webkit-transition: -webkit-transform 0.3s ease;
  transition: transform 0.3s ease;
}

.chakra-ui-dark .emotion-10:not([data-theme])::before,
[data-theme=dark] .emotion-10:not([data-theme])::before,
.emotion-10[data-theme=dark]::before {
  background-color: var(--chakra-colors-gray-50);
}

.emotion-10:focus,
.emotion-10[data-focus] {
  background: var(--chakra-colors-whiteAlpha-100);
}

.emotion-10:active,
.emotion-10[data-active] {
  background: var(--chakra-colors-whiteAlpha-200);
}

.emotion-10[aria-expanded=true],
.emotion-10[data-expanded] {
  background: var(--chakra-colors-whiteAlpha-100);
}

.emotion-10[disabled],
.emotion-10[aria-disabled=true],
.emotion-10[data-disabled] {
  opacity: 0.4;
  cursor: not-allowed;
}

<div>
  <nav
    class="emotion-0"
  >
    <div
      class="chakra-stack emotion-1"
    >
      <a
        class="chakra-link emotion-2"
        href="/"
      >
        <svg
          aria-labelledby="title"
          class="NavLogo"
          height="48"
          role="presentation"
          viewBox="0 0 48 48"
          width="48"
          xmlns="http://www.w3.org/2000/svg"
        >
          <title
            id="title"
            lang="en"
          >
            Logo
          </title>
          <lineargradient
            gradientUnits="userSpaceOnUse"
            id="gradient"
            x1="0"
            x2="0"
            y1="0"
            y2="100%"
          >
            <stop
              offset="40%"
              stop-color="#4FD1C5"
            />
            <stop
              offset="70%"
              stop-color="#4299E1"
            />
          </lineargradient>
          <circle
            class="NavLogo__outterCircle"
            cx="24"
            cy="24"
            data-testid="NavLogo-outter-circle"
            fill="none"
            r="20"
            stroke="#4FD1C5"
            stroke-dasharray="128"
            stroke-dashoffset="128"
            stroke-width="1"
          />
          <circle
            class="NavLogo__innerCircle"
            cx="24"
            cy="24"
            data-testid="NavLogo-inner-circle"
            fill="none"
            r="16"
            stroke="#4299E1"
            stroke-dasharray="128"
            stroke-dashoffset="128"
            stroke-width="1"
          />
          <text
            class="NavLogo__text fadeIn-regular"
            data-testid="NavLogo-text"
            fill="url(#gradient)"
            x="14"
            y="32"
          >
            CE
          </text>
        </svg>
      </a>
    </div>
    <a
      class="SkipLink"
      data-testid="SkipLink"
      href="#main"
    >
      Skip to content
    </a>
    <div
      class="chakra-stack emotion-3"
    >
      <ul
        class="NavLinks"
        data-testid="NavLinks-desktop"
      >
        <li>
          <a
            aria-current="false"
            class="chakra-link emotion-4"
            href="/test"
          >
            Test
          </a>
        </li>
      </ul>
      <div
        class="FloatingMenu"
      >
        <div
          class="emotion-5"
          data-testid="NavLinks-mobile"
        >
          <button
            aria-controls="menu-list-:r1:"
            aria-expanded="false"
            aria-haspopup="menu"
            class="chakra-button chakra-menu__menu-button emotion-6"
            data-testid="FloatingMenu-button"
            id="menu-button-:r1:"
            type="button"
          >
            <svg
              aria-hidden="true"
              class="chakra-icon emotion-7"
              fill="currentColor"
              focusable="false"
              height="1em"
              stroke="currentColor"
              stroke-width="0"
              viewBox="0 0 24 24"
              width="1em"
              xmlns="http://www.w3.org/2000/svg"
            >
              <path
                d="M4 6h16v2H4zm0 5h16v2H4zm0 5h16v2H4z"
              />
            </svg>
          </button>
          <div
            class="emotion-8"
            style="visibility: hidden; position: absolute; min-width: max-content; inset: 0 auto auto 0;"
          >
            <div
              aria-orientation="vertical"
              class="chakra-menu__menu-list emotion-9"
              id="menu-list-:r1:"
              role="menu"
              style="transform-origin: var(--popper-transform-origin); opacity: 0; visibility: hidden; transform: scale(0.8) translateZ(0);"
              tabindex="-1"
            >
              <a
                aria-current="false"
                class="chakra-link chakra-menu__menuitem emotion-10"
                data-index="0"
                href="/test"
                id="menu-list-:r1:-menuitem-:r2:"
                role="menuitem"
                tabindex="-1"
              >
                Test
              </a>
            </div>
          </div>
        </div>
      </div>
      <button
        aria-label="Switch to dark mode"
        aria-live="polite"
        class="ColorModeSwitcher ColorModeSwitcher--dark"
      >
        <div
          class="ColorModeSwitcher__circle ColorModeSwitcher__circle-outter ColorModeSwitcher__circle-outter--dark"
        />
        <div
          class="ColorModeSwitcher__circle ColorModeSwitcher__circle-inner ColorModeSwitcher__circle-inner--dark"
        />
        <svg
          class="ColorModeSwitcher__icon ColorModeSwitcher__icon-stars ColorModeSwitcher__icon-stars--dark"
          fill="currentColor"
          height="1em"
          stroke="currentColor"
          stroke-width="0"
          viewBox="0 0 16 16"
          width="1em"
          xmlns="http://www.w3.org/2000/svg"
        >
          <path
            d="M7.657 6.247c.11-.33.576-.33.686 0l.645 1.937a2.89 2.89 0 0 0 1.829 1.828l1.936.645c.33.11.33.576 0 .686l-1.937.645a2.89 2.89 0 0 0-1.828 1.829l-.645 1.936a.361.361 0 0 1-.686 0l-.645-1.937a2.89 2.89 0 0 0-1.828-1.828l-1.937-.645a.361.361 0 0 1 0-.686l1.937-.645a2.89 2.89 0 0 0 1.828-1.828l.645-1.937zM3.794 1.148a.217.217 0 0 1 .412 0l.387 1.162c.173.518.579.924 1.097 1.097l1.162.387a.217.217 0 0 1 0 .412l-1.162.387A1.734 1.734 0 0 0 4.593 5.69l-.387 1.162a.217.217 0 0 1-.412 0L3.407 5.69A1.734 1.734 0 0 0 2.31 4.593l-1.162-.387a.217.217 0 0 1 0-.412l1.162-.387A1.734 1.734 0 0 0 3.407 2.31l.387-1.162zM10.863.099a.145.145 0 0 1 .274 0l.258.774c.115.346.386.617.732.732l.774.258a.145.145 0 0 1 0 .274l-.774.258a1.156 1.156 0 0 0-.732.732l-.258.774a.145.145 0 0 1-.274 0l-.258-.774a1.156 1.156 0 0 0-.732-.732L9.1 2.137a.145.145 0 0 1 0-.274l.774-.258c.346-.115.617-.386.732-.732L10.863.1z"
          />
        </svg>
        <svg
          class="ColorModeSwitcher__icon ColorModeSwitcher__icon-clouds ColorModeSwitcher__icon-clouds--dark"
          fill="currentColor"
          height="1em"
          stroke="currentColor"
          stroke-width="0"
          viewBox="0 0 16 16"
          width="1em"
          xmlns="http://www.w3.org/2000/svg"
        >
          <path
            d="M11.473 9a4.5 4.5 0 0 0-8.72-.99A3 3 0 0 0 3 14h8.5a2.5 2.5 0 1 0-.027-5z"
          />
          <path
            d="M14.544 9.772a3.506 3.506 0 0 0-2.225-1.676 5.502 5.502 0 0 0-6.337-4.002 4.002 4.002 0 0 1 7.392.91 2.5 2.5 0 0 1 1.17 4.769z"
          />
        </svg>
      </button>
    </div>
  </nav>
  <span
    hidden=""
    id="__chakra_env"
  />
</div>
`;
