// Jest Snapshot v1, https://goo.gl/fbAQLP

exports[`NavLogo Should match snapshot. 1`] = `
<div>
  <svg
    aria-labelledby="title"
    height="48"
    role="presentation"
    viewBox="0 0 48 48"
    width="48"
    xmlns="http://www.w3.org/2000/svg"
  >
    <title
      id="title"
      lang="en"
    >
      Logo
    </title>
    <lineargradient
      gradientUnits="userSpaceOnUse"
      id="gradient"
      x1="0"
      x2="0"
      y1="0"
      y2="100%"
    >
      <stop
        offset="40%"
        stop-color="#4FD1C5"
      />
      <stop
        offset="70%"
        stop-color="#4299E1"
      />
    </lineargradient>
    <circle
      class="outterCircle"
      cx="24"
      cy="24"
      data-testid="NavLogo-outter-circle"
      fill="none"
      r="20"
      stroke="#4FD1C5"
      stroke-dasharray="128"
      stroke-dashoffset="128"
      stroke-width="1"
    />
    <circle
      class="innerCircle"
      cx="24"
      cy="24"
      data-testid="NavLogo-inner-circle"
      fill="none"
      r="16"
      stroke="#4299E1"
      stroke-dasharray="128"
      stroke-dashoffset="128"
      stroke-width="1"
    />
    <text
      class="text textAnimation"
      data-testid="NavLogo-text"
      fill="url(#gradient)"
      x="14"
      y="32"
    >
      CE
    </text>
  </svg>
  <span
    hidden=""
    id="__chakra_env"
  />
</div>
`;
