// Jest Snapshot v1, https://goo.gl/fbAQLP

exports[`SkipLink Should render the skip link as long as the skipLinks array is defined and has elements in it, and match the snapshot. 1`] = `
<div>
  <a
    class="SkipLink"
    data-testid="SkipLink"
    href="#main"
  >
    Skip to content
  </a>
  <span
    hidden=""
    id="__chakra_env"
  />
</div>
`;
