// Jest Snapshot v1, https://goo.gl/fbAQLP

exports[`Layout. Should match snapshot. 1`] = `
<div>
  <div
    class="Layout"
    data-testid="Layout"
  >
    <header>
      <nav
        class="NavBar NavBar--dark"
      >
        <div
          class="NavBar__block"
        >
          <a
            href="/"
          >
            <svg
              aria-labelledby="title"
              class="NavLogo"
              height="48"
              role="presentation"
              viewBox="0 0 48 48"
              width="48"
              xmlns="http://www.w3.org/2000/svg"
            >
              <title
                id="title"
                lang="en"
              >
                Logo
              </title>
              <lineargradient
                gradientUnits="userSpaceOnUse"
                id="gradient"
                x1="0"
                x2="0"
                y1="0"
                y2="100%"
              >
                <stop
                  offset="40%"
                  stop-color="#4FD1C5"
                />
                <stop
                  offset="70%"
                  stop-color="#4299E1"
                />
              </lineargradient>
              <circle
                class="NavLogo__outterCircle"
                cx="24"
                cy="24"
                data-testid="NavLogo-outter-circle"
                fill="none"
                r="20"
                stroke="#4FD1C5"
                stroke-dasharray="128"
                stroke-dashoffset="128"
                stroke-width="1"
              />
              <circle
                class="NavLogo__innerCircle"
                cx="24"
                cy="24"
                data-testid="NavLogo-inner-circle"
                fill="none"
                r="16"
                stroke="#4299E1"
                stroke-dasharray="128"
                stroke-dashoffset="128"
                stroke-width="1"
              />
              <text
                class="NavLogo__text fadeIn-regular"
                data-testid="NavLogo-text"
                fill="url(#gradient)"
                x="14"
                y="32"
              >
                CE
              </text>
            </svg>
          </a>
        </div>
        <div
          class="NavBar__block NavBar__block--wide"
        >
          <ul
            class="NavLinks"
            data-testid="NavLinks-desktop"
          />
          <div
            class="FloatingMenu"
          >
            <div
              class="FloatingMenu"
              data-testid="FloatingMenu"
            >
              <button
                class="Button Button--dark"
                data-testid="NavLinks-mobile"
                id="FloatingMenu-trigger"
              >
                <svg
                  fill="currentColor"
                  height="1em"
                  stroke="currentColor"
                  stroke-width="0"
                  viewBox="0 0 24 24"
                  width="1em"
                  xmlns="http://www.w3.org/2000/svg"
                >
                  <path
                    d="M4 6h16v2H4zm0 5h16v2H4zm0 5h16v2H4z"
                  />
                </svg>
              </button>
              <div
                aria-labelledby="FloatingMenu-trigger"
                class="FloatingMenu__list  FloatingMenu__list--dark"
                role="menu"
                tabindex="-1"
              />
            </div>
          </div>
          <button
            aria-live="polite"
            class="ColorModeSwitcher ColorModeSwitcher--dark"
          >
            <div
              class="ColorModeSwitcher__circle ColorModeSwitcher__circle-outter ColorModeSwitcher__circle-outter--dark"
            />
            <div
              class="ColorModeSwitcher__circle ColorModeSwitcher__circle-inner ColorModeSwitcher__circle-inner--dark"
            />
            <svg
              class="ColorModeSwitcher__icon ColorModeSwitcher__icon-stars ColorModeSwitcher__icon-stars--dark"
              fill="currentColor"
              height="1em"
              stroke="currentColor"
              stroke-width="0"
              viewBox="0 0 16 16"
              width="1em"
              xmlns="http://www.w3.org/2000/svg"
            >
              <path
                d="M7.657 6.247c.11-.33.576-.33.686 0l.645 1.937a2.89 2.89 0 0 0 1.829 1.828l1.936.645c.33.11.33.576 0 .686l-1.937.645a2.89 2.89 0 0 0-1.828 1.829l-.645 1.936a.361.361 0 0 1-.686 0l-.645-1.937a2.89 2.89 0 0 0-1.828-1.828l-1.937-.645a.361.361 0 0 1 0-.686l1.937-.645a2.89 2.89 0 0 0 1.828-1.828l.645-1.937zM3.794 1.148a.217.217 0 0 1 .412 0l.387 1.162c.173.518.579.924 1.097 1.097l1.162.387a.217.217 0 0 1 0 .412l-1.162.387A1.734 1.734 0 0 0 4.593 5.69l-.387 1.162a.217.217 0 0 1-.412 0L3.407 5.69A1.734 1.734 0 0 0 2.31 4.593l-1.162-.387a.217.217 0 0 1 0-.412l1.162-.387A1.734 1.734 0 0 0 3.407 2.31l.387-1.162zM10.863.099a.145.145 0 0 1 .274 0l.258.774c.115.346.386.617.732.732l.774.258a.145.145 0 0 1 0 .274l-.774.258a1.156 1.156 0 0 0-.732.732l-.258.774a.145.145 0 0 1-.274 0l-.258-.774a1.156 1.156 0 0 0-.732-.732L9.1 2.137a.145.145 0 0 1 0-.274l.774-.258c.346-.115.617-.386.732-.732L10.863.1z"
              />
            </svg>
            <svg
              class="ColorModeSwitcher__icon ColorModeSwitcher__icon-clouds ColorModeSwitcher__icon-clouds--dark"
              fill="currentColor"
              height="1em"
              stroke="currentColor"
              stroke-width="0"
              viewBox="0 0 16 16"
              width="1em"
              xmlns="http://www.w3.org/2000/svg"
            >
              <path
                d="M11.473 9a4.5 4.5 0 0 0-8.72-.99A3 3 0 0 0 3 14h8.5a2.5 2.5 0 1 0-.027-5z"
              />
              <path
                d="M14.544 9.772a3.506 3.506 0 0 0-2.225-1.676 5.502 5.502 0 0 0-6.337-4.002 4.002 4.002 0 0 1 7.392.91 2.5 2.5 0 0 1 1.17 4.769z"
              />
            </svg>
          </button>
        </div>
      </nav>
    </header>
    <main
      id="main"
    >
      <div
        class="Layout__transitionWrapper"
        style="opacity: 0; transform: translateX(200px) translateY(0px) translateZ(0);"
      />
    </main>
    <footer>
      <div
        class="Footer Footer--dark"
      >
        <div
          class="FooterLinks"
        />
        <div
          class="Footer__block"
        >
          <div
            class="FloatingMenu"
            data-testid="FloatingMenu"
          >
            <button
              class="Button Button--dark"
              data-testid="LanguageSelector"
              id="FloatingMenu-trigger"
            >
              <svg
                fill="currentColor"
                height="1em"
                stroke="currentColor"
                stroke-width="0"
                viewBox="0 0 24 24"
                width="1em"
                xmlns="http://www.w3.org/2000/svg"
              >
                <path
                  d="M0 0h24v24H0z"
                  fill="none"
                />
                <path
                  d="M11.99 2C6.47 2 2 6.48 2 12s4.47 10 9.99 10C17.52 22 22 17.52 22 12S17.52 2 11.99 2zm6.93 6h-2.95a15.65 15.65 0 00-1.38-3.56A8.03 8.03 0 0118.92 8zM12 4.04c.83 1.2 1.48 2.53 1.91 3.96h-3.82c.43-1.43 1.08-2.76 1.91-3.96zM4.26 14C4.1 13.36 4 12.69 4 12s.1-1.36.26-2h3.38c-.08.66-.14 1.32-.14 2 0 .68.06 1.34.14 2H4.26zm.82 2h2.95c.32 1.25.78 2.45 1.38 3.56A7.987 7.987 0 015.08 16zm2.95-8H5.08a7.987 7.987 0 014.33-3.56A15.65 15.65 0 008.03 8zM12 19.96c-.83-1.2-1.48-2.53-1.91-3.96h3.82c-.43 1.43-1.08 2.76-1.91 3.96zM14.34 14H9.66c-.09-.66-.16-1.32-.16-2 0-.68.07-1.35.16-2h4.68c.09.65.16 1.32.16 2 0 .68-.07 1.34-.16 2zm.25 5.56c.6-1.11 1.06-2.31 1.38-3.56h2.95a8.03 8.03 0 01-4.33 3.56zM16.36 14c.08-.66.14-1.32.14-2 0-.68-.06-1.34-.14-2h3.38c.16.64.26 1.31.26 2s-.1 1.36-.26 2h-3.38z"
                />
              </svg>
            </button>
            <div
              aria-labelledby="FloatingMenu-trigger"
              class="FloatingMenu__list  FloatingMenu__list--dark"
              role="menu"
              tabindex="-1"
            />
          </div>
        </div>
      </div>
    </footer>
  </div>
  <span
    hidden=""
    id="__chakra_env"
  />
</div>
`;
