// Jest Snapshot v1, https://goo.gl/fbAQLP

exports[`Footer. Should match snapshot. 1`] = `
.emotion-0 {
  display: -webkit-box;
  display: -webkit-flex;
  display: -ms-flexbox;
  display: flex;
  -webkit-align-items: center;
  -webkit-box-align: center;
  -ms-flex-align: center;
  align-items: center;
  -webkit-box-pack: justify;
  -webkit-justify-content: space-between;
  justify-content: space-between;
  width: 100%;
  height: var(--chakra-sizes-16);
  -webkit-padding-start: var(--chakra-space-8);
  padding-inline-start: var(--chakra-space-8);
  -webkit-padding-end: var(--chakra-space-8);
  padding-inline-end: var(--chakra-space-8);
  background: var(--chakra-colors-white);
  position: fixed;
  bottom: 0px;
  left: 0px;
}

.chakra-ui-dark .emotion-0:not([data-theme]),
[data-theme=dark] .emotion-0:not([data-theme]),
.emotion-0[data-theme=dark] {
  background: var(--chakra-colors-gray-800);
}

.emotion-1 {
  display: -webkit-box;
  display: -webkit-flex;
  display: -ms-flexbox;
  display: flex;
  -webkit-align-items: center;
  -webkit-box-align: center;
  -ms-flex-align: center;
  align-items: center;
  -webkit-flex-direction: row;
  -ms-flex-direction: row;
  flex-direction: row;
  margin-right: var(--chakra-space-4);
}

.emotion-1>*:not(style)~*:not(style) {
  margin-top: 0px;
  -webkit-margin-end: 0px;
  margin-inline-end: 0px;
  margin-bottom: 0px;
  -webkit-margin-start: var(--chakra-space-4);
  margin-inline-start: var(--chakra-space-4);
}

.emotion-2 {
  transition-property: var(--chakra-transition-property-common);
  transition-duration: var(--chakra-transition-duration-fast);
  transition-timing-function: var(--chakra-transition-easing-ease-out);
  cursor: pointer;
  -webkit-text-decoration: none;
  text-decoration: none;
  outline: 2px solid transparent;
  outline-offset: 2px;
  color: inherit;
  font-family: var(--chakra-fonts-mono);
  font-size: var(--chakra-fontSizes-xs);
  font-weight: var(--chakra-fontWeights-bold);
  -webkit-transition: text-shadow 0.2s linear,color 0.2s linear;
  transition: text-shadow 0.2s linear,color 0.2s linear;
  display: -webkit-box;
  display: -webkit-flex;
  display: -ms-flexbox;
  display: flex;
}

.emotion-2:hover,
.emotion-2[data-hover] {
  -webkit-text-decoration: none;
  text-decoration: none;
}

.emotion-2:focus-visible,
.emotion-2[data-focus-visible] {
  box-shadow: var(--chakra-shadows-outline);
}

.emotion-3 {
  width: 24px;
  height: 24px;
  display: inline-block;
  line-height: 1em;
  -webkit-flex-shrink: 0;
  -ms-flex-negative: 0;
  flex-shrink: 0;
  color: currentColor;
}

.emotion-3:hover,
.emotion-3[data-hover] {
  color: var(--chakra-colors-blue-300);
}

.emotion-4 {
  display: -webkit-box;
  display: -webkit-flex;
  display: -ms-flexbox;
  display: flex;
  -webkit-align-items: center;
  -webkit-box-align: center;
  -ms-flex-align: center;
  align-items: center;
  -webkit-flex-direction: row;
  -ms-flex-direction: row;
  flex-direction: row;
}

.emotion-4>*:not(style)~*:not(style) {
  margin-top: 0px;
  -webkit-margin-end: 0px;
  margin-inline-end: 0px;
  margin-bottom: 0px;
  -webkit-margin-start: 0.5rem;
  margin-inline-start: 0.5rem;
}

.emotion-6 {
  display: -webkit-inline-box;
  display: -webkit-inline-flex;
  display: -ms-inline-flexbox;
  display: inline-flex;
  -webkit-appearance: none;
  -moz-appearance: none;
  -ms-appearance: none;
  appearance: none;
  -webkit-align-items: center;
  -webkit-box-align: center;
  -ms-flex-align: center;
  align-items: center;
  -webkit-box-pack: center;
  -ms-flex-pack: center;
  -webkit-justify-content: center;
  justify-content: center;
  -webkit-user-select: none;
  -moz-user-select: none;
  -ms-user-select: none;
  user-select: none;
  position: relative;
  white-space: nowrap;
  vertical-align: middle;
  outline: 2px solid transparent;
  outline-offset: 2px;
  line-height: 1.2;
  border-radius: var(--chakra-radii-md);
  font-weight: var(--chakra-fontWeights-semibold);
  transition-property: var(--chakra-transition-property-common);
  transition-duration: var(--chakra-transition-duration-normal);
  height: var(--chakra-sizes-8);
  min-width: var(--chakra-sizes-8);
  font-size: var(--chakra-fontSizes-sm);
  -webkit-padding-start: var(--chakra-space-3);
  padding-inline-start: var(--chakra-space-3);
  -webkit-padding-end: var(--chakra-space-3);
  padding-inline-end: var(--chakra-space-3);
  color: var(--chakra-colors-blue-200);
  background: var(--chakra-colors-transparent);
  padding: 0px;
}

.emotion-6:focus-visible,
.emotion-6[data-focus-visible] {
  box-shadow: var(--chakra-shadows-outline);
}

.emotion-6[disabled],
.emotion-6[aria-disabled=true],
.emotion-6[data-disabled] {
  opacity: 0.4;
  cursor: not-allowed;
  box-shadow: var(--chakra-shadows-none);
}

.emotion-6:hover,
.emotion-6[data-hover] {
  background: rgba(144, 205, 244, 0.12);
}

.emotion-6:hover[disabled],
.emotion-6[data-hover][disabled],
.emotion-6:hover[aria-disabled=true],
.emotion-6[data-hover][aria-disabled=true],
.emotion-6:hover[data-disabled],
.emotion-6[data-hover][data-disabled] {
  background: initial;
}

.emotion-6:active,
.emotion-6[data-active] {
  background: rgba(144, 205, 244, 0.24);
}

.emotion-7 {
  width: 24px;
  height: 24px;
  display: inline-block;
  line-height: 1em;
  -webkit-flex-shrink: 0;
  -ms-flex-negative: 0;
  flex-shrink: 0;
  color: currentColor;
}

.emotion-8 {
  z-index: 1;
}

.emotion-9 {
  outline: 2px solid transparent;
  outline-offset: 2px;
  background: var(--chakra-colors-gray-700);
  box-shadow: var(--chakra-shadows-dark-lg);
  color: inherit;
  min-width: var(--chakra-sizes-3xs);
  padding-top: var(--chakra-space-2);
  padding-bottom: var(--chakra-space-2);
  z-index: 1;
  border-radius: var(--chakra-radii-md);
  border-width: 1px;
  -webkit-padding-start: var(--chakra-space-4);
  padding-inline-start: var(--chakra-space-4);
  -webkit-padding-end: var(--chakra-space-4);
  padding-inline-end: var(--chakra-space-4);
}

.emotion-10 {
  transition-property: var(--chakra-transition-property-common);
  transition-duration: var(--chakra-transition-duration-fast);
  transition-timing-function: var(--chakra-transition-easing-ease-out);
  cursor: pointer;
  -webkit-text-decoration: none;
  text-decoration: none;
  outline: 2px solid transparent;
  outline-offset: 2px;
  color: inherit;
  font-family: var(--chakra-fonts-mono);
  font-size: var(--chakra-fontSizes-xs);
  font-weight: var(--chakra-fontWeights-bold);
  -webkit-transition: text-shadow 0.2s linear,color 0.2s linear;
  transition: text-shadow 0.2s linear,color 0.2s linear;
  position: relative;
  -webkit-text-decoration: none;
  text-decoration: none;
  color: inherit;
  -webkit-user-select: none;
  -moz-user-select: none;
  -ms-user-select: none;
  user-select: none;
  display: -webkit-box;
  display: -webkit-flex;
  display: -ms-flexbox;
  display: flex;
  width: 100%;
  -webkit-align-items: center;
  -webkit-box-align: center;
  -ms-flex-align: center;
  align-items: center;
  text-align: start;
  -webkit-flex: 0 0 auto;
  -ms-flex: 0 0 auto;
  flex: 0 0 auto;
  outline: 2px solid transparent;
  outline-offset: 2px;
  padding-top: var(--chakra-space-1-5);
  padding-bottom: var(--chakra-space-1-5);
  -webkit-padding-start: var(--chakra-space-3);
  padding-inline-start: var(--chakra-space-3);
  -webkit-padding-end: var(--chakra-space-3);
  padding-inline-end: var(--chakra-space-3);
  transition-property: var(--chakra-transition-property-background);
  transition-duration: var(--chakra-transition-duration-ultra-fast);
  transition-timing-function: var(--chakra-transition-easing-ease-in);
  -webkit-order: 0;
  -ms-flex-order: 0;
  order: 0;
  text-transform: capitalize;
}

.emotion-10:hover,
.emotion-10[data-hover] {
  -webkit-text-decoration: none;
  text-decoration: none;
}

.emotion-10:hover::before,
.emotion-10[data-hover]::before {
  -webkit-transform: scaleX(1);
  -moz-transform: scaleX(1);
  -ms-transform: scaleX(1);
  transform: scaleX(1);
}

.emotion-10:focus-visible,
.emotion-10[data-focus-visible] {
  box-shadow: var(--chakra-shadows-outline);
}

.emotion-10::before {
  content: "";
  position: absolute;
  display: block;
  width: 100%;
  height: 2px;
  bottom: calc(var(--chakra-space-1) * -1);
  left: 0px;
  background-color: var(--chakra-colors-gray-800);
  -webkit-transform: scaleX(0);
  -moz-transform: scaleX(0);
  -ms-transform: scaleX(0);
  transform: scaleX(0);
  -webkit-transition: -webkit-transform 0.3s ease;
  transition: transform 0.3s ease;
}

.chakra-ui-dark .emotion-10:not([data-theme])::before,
[data-theme=dark] .emotion-10:not([data-theme])::before,
.emotion-10[data-theme=dark]::before {
  background-color: var(--chakra-colors-gray-50);
}

.emotion-10:focus,
.emotion-10[data-focus] {
  background: var(--chakra-colors-whiteAlpha-100);
}

.emotion-10:active,
.emotion-10[data-active] {
  background: var(--chakra-colors-whiteAlpha-200);
}

.emotion-10[aria-expanded=true],
.emotion-10[data-expanded] {
  background: var(--chakra-colors-whiteAlpha-100);
}

.emotion-10[disabled],
.emotion-10[aria-disabled=true],
.emotion-10[data-disabled] {
  opacity: 0.4;
  cursor: not-allowed;
}

.emotion-11 {
  transition-property: var(--chakra-transition-property-common);
  transition-duration: var(--chakra-transition-duration-fast);
  transition-timing-function: var(--chakra-transition-easing-ease-out);
  cursor: pointer;
  -webkit-text-decoration: none;
  text-decoration: none;
  outline: 2px solid transparent;
  outline-offset: 2px;
  color: inherit;
  font-family: var(--chakra-fonts-mono);
  font-size: var(--chakra-fontSizes-xs);
  font-weight: var(--chakra-fontWeights-bold);
  -webkit-transition: text-shadow 0.2s linear,color 0.2s linear;
  transition: text-shadow 0.2s linear,color 0.2s linear;
  position: relative;
  -webkit-text-decoration: none;
  text-decoration: none;
  color: inherit;
  -webkit-user-select: none;
  -moz-user-select: none;
  -ms-user-select: none;
  user-select: none;
  display: -webkit-box;
  display: -webkit-flex;
  display: -ms-flexbox;
  display: flex;
  width: 100%;
  -webkit-align-items: center;
  -webkit-box-align: center;
  -ms-flex-align: center;
  align-items: center;
  text-align: start;
  -webkit-flex: 0 0 auto;
  -ms-flex: 0 0 auto;
  flex: 0 0 auto;
  outline: 2px solid transparent;
  outline-offset: 2px;
  padding-top: var(--chakra-space-1-5);
  padding-bottom: var(--chakra-space-1-5);
  -webkit-padding-start: var(--chakra-space-3);
  padding-inline-start: var(--chakra-space-3);
  -webkit-padding-end: var(--chakra-space-3);
  padding-inline-end: var(--chakra-space-3);
  transition-property: var(--chakra-transition-property-background);
  transition-duration: var(--chakra-transition-duration-ultra-fast);
  transition-timing-function: var(--chakra-transition-easing-ease-in);
  -webkit-order: 1;
  -ms-flex-order: 1;
  order: 1;
  text-transform: capitalize;
}

.emotion-11:hover,
.emotion-11[data-hover] {
  -webkit-text-decoration: none;
  text-decoration: none;
}

.emotion-11:hover::before,
.emotion-11[data-hover]::before {
  -webkit-transform: scaleX(1);
  -moz-transform: scaleX(1);
  -ms-transform: scaleX(1);
  transform: scaleX(1);
}

.emotion-11:focus-visible,
.emotion-11[data-focus-visible] {
  box-shadow: var(--chakra-shadows-outline);
}

.emotion-11::before {
  content: "";
  position: absolute;
  display: block;
  width: 100%;
  height: 2px;
  bottom: calc(var(--chakra-space-1) * -1);
  left: 0px;
  background-color: var(--chakra-colors-gray-800);
  -webkit-transform: scaleX(0);
  -moz-transform: scaleX(0);
  -ms-transform: scaleX(0);
  transform: scaleX(0);
  -webkit-transition: -webkit-transform 0.3s ease;
  transition: transform 0.3s ease;
}

.chakra-ui-dark .emotion-11:not([data-theme])::before,
[data-theme=dark] .emotion-11:not([data-theme])::before,
.emotion-11[data-theme=dark]::before {
  background-color: var(--chakra-colors-gray-50);
}

.emotion-11:focus,
.emotion-11[data-focus] {
  background: var(--chakra-colors-whiteAlpha-100);
}

.emotion-11:active,
.emotion-11[data-active] {
  background: var(--chakra-colors-whiteAlpha-200);
}

.emotion-11[aria-expanded=true],
.emotion-11[data-expanded] {
  background: var(--chakra-colors-whiteAlpha-100);
}

.emotion-11[disabled],
.emotion-11[aria-disabled=true],
.emotion-11[data-disabled] {
  opacity: 0.4;
  cursor: not-allowed;
}

<div>
  <div
    class="emotion-0"
  >
    <div
      class="chakra-stack emotion-1"
    >
      <a
        aria-label="Visit Github"
        class="chakra-link emotion-2"
        href="https://github.com"
        rel="noopener"
        target="_blank"
      >
        <svg
          class="chakra-icon emotion-3"
          fill="currentColor"
          focusable="false"
          height="1em"
          stroke="currentColor"
          stroke-width="0"
          viewBox="0 0 1024 1024"
          width="1em"
          xmlns="http://www.w3.org/2000/svg"
        >
          <path
            d="M511.6 76.3C264.3 76.2 64 276.4 64 523.5 64 718.9 189.3 885 363.8 946c23.5 5.9 19.9-10.8 19.9-22.2v-77.5c-135.7 15.9-141.2-73.9-150.3-88.9C215 726 171.5 718 184.5 703c30.9-15.9 62.4 4 98.9 57.9 26.4 39.1 77.9 32.5 104 26 5.7-23.5 17.9-44.5 34.7-60.8-140.6-25.2-199.2-111-199.2-213 0-49.5 16.3-95 48.3-131.7-20.4-60.5 1.9-112.3 4.9-120 58.1-5.2 118.5 41.6 123.2 45.3 33-8.9 70.7-13.6 112.9-13.6 42.4 0 80.2 4.9 113.5 13.9 11.3-8.6 67.3-48.8 121.3-43.9 2.9 7.7 24.7 58.3 5.5 118 32.4 36.8 48.9 82.7 48.9 132.3 0 102.2-59 188.1-200 212.9a127.5 127.5 0 0 1 38.1 91v112.5c.8 9 0 17.9 15 17.9 177.1-59.7 304.6-227 304.6-424.1 0-247.2-200.4-447.3-447.5-447.3z"
          />
        </svg>
      </a>
    </div>
    <div
      class="chakra-stack emotion-4"
    >
      <div
        class="emotion-5"
        data-testid="LanguageSelector"
      >
        <button
          aria-controls="menu-list-:r1:"
          aria-expanded="false"
          aria-haspopup="menu"
          class="chakra-button chakra-menu__menu-button emotion-6"
          data-testid="FloatingMenu-button"
          id="menu-button-:r1:"
          type="button"
        >
          <svg
            aria-hidden="true"
            class="chakra-icon emotion-7"
            fill="currentColor"
            focusable="false"
            height="1em"
            stroke="currentColor"
            stroke-width="0"
            viewBox="0 0 24 24"
            width="1em"
            xmlns="http://www.w3.org/2000/svg"
          >
            <path
              d="M0 0h24v24H0z"
              fill="none"
            />
            <path
              d="M11.99 2C6.47 2 2 6.48 2 12s4.47 10 9.99 10C17.52 22 22 17.52 22 12S17.52 2 11.99 2zm6.93 6h-2.95a15.65 15.65 0 00-1.38-3.56A8.03 8.03 0 0118.92 8zM12 4.04c.83 1.2 1.48 2.53 1.91 3.96h-3.82c.43-1.43 1.08-2.76 1.91-3.96zM4.26 14C4.1 13.36 4 12.69 4 12s.1-1.36.26-2h3.38c-.08.66-.14 1.32-.14 2 0 .68.06 1.34.14 2H4.26zm.82 2h2.95c.32 1.25.78 2.45 1.38 3.56A7.987 7.987 0 015.08 16zm2.95-8H5.08a7.987 7.987 0 014.33-3.56A15.65 15.65 0 008.03 8zM12 19.96c-.83-1.2-1.48-2.53-1.91-3.96h3.82c-.43 1.43-1.08 2.76-1.91 3.96zM14.34 14H9.66c-.09-.66-.16-1.32-.16-2 0-.68.07-1.35.16-2h4.68c.09.65.16 1.32.16 2 0 .68-.07 1.34-.16 2zm.25 5.56c.6-1.11 1.06-2.31 1.38-3.56h2.95a8.03 8.03 0 01-4.33 3.56zM16.36 14c.08-.66.14-1.32.14-2 0-.68-.06-1.34-.14-2h3.38c.16.64.26 1.31.26 2s-.1 1.36-.26 2h-3.38z"
            />
          </svg>
        </button>
        <div
          class="emotion-8"
          style="visibility: hidden; position: absolute; min-width: max-content; inset: 0 auto auto 0;"
        >
          <div
            aria-orientation="vertical"
            class="chakra-menu__menu-list emotion-9"
            id="menu-list-:r1:"
            role="menu"
            style="transform-origin: var(--popper-transform-origin); opacity: 0; visibility: hidden; transform: scale(0.8) translateZ(0);"
            tabindex="-1"
          >
            <a
              aria-current="false"
              class="chakra-link chakra-menu__menuitem emotion-10"
              data-index="0"
              href="/#main"
              id="menu-list-:r1:-menuitem-:r2:"
              role="menuitem"
              tabindex="-1"
            >
              english
            </a>
            <a
              aria-current="false"
              class="chakra-link chakra-menu__menuitem emotion-11"
              data-index="1"
              href="/#main"
              id="menu-list-:r1:-menuitem-:r3:"
              role="menuitem"
              tabindex="-1"
            >
              spanish
            </a>
          </div>
        </div>
      </div>
    </div>
  </div>
  <span
    hidden=""
    id="__chakra_env"
  />
</div>
`;
